Usage:
  delete <endpoint> [flags]

Examples:
	# Delete a endpoint by id
	discovery queryflow endpoint delete ea02fc14-f07b-49f2-b185-e9ceaedcb367

	# Delete a endpoint by name
	discovery queryflow endpoint delete my-endpoint

Flags:
  -h, --help             help for delete
  -p, --profile string   configuration profile to use (default "default")

