{"active":true,"creationTimestamp":"2025-10-17T15:33:58Z","id":"8c243a1d-9384-421d-8f99-4ef28d4e0ab0","labels":[{"key":"A","value":"A"}],"lastUpdatedTimestamp":"2025-10-17T15:33:58Z","name":"endpoint-2","type":"mongo"}
{"active":true,"creationTimestamp":"2025-10-17T22:37:53Z","id":"4957145b-6192-4862-a5da-e97853974e9f","labels":[{"key":"A","value":"A"}],"lastUpdatedTimestamp":"2025-10-17T22:37:53Z","name":"my-endpoint","type":"mongo"}
