{"active":true,"creationTimestamp":"2025-08-14T18:02:11Z","id":"9ababe08-0b74-4672-bb7c-e7a8227d6d4c","labels":[],"lastUpdatedTimestamp":"2025-08-14T18:02:11Z","name":"MongoDB endpoint","secret":"mongo-secret","type":"mongo"}
{"code":1003,"messages":["Entity not found: 9ababe08-0b74-4672-bb7c-e7a8227d6d4d"],"status":404,"timestamp":"2025-10-29T23:12:08.002244700Z"}
{"active":true,"creationTimestamp":"2025-08-14T18:02:11Z","id":"9ababe08-0b74-4672-bb7c-e7a8227d6dad","labels":[],"lastUpdatedTimestamp":"2025-08-14T18:02:11Z","name":"OpenAI endpoint","secret":"openai-secret","type":"openai"}
{"active":true,"creationTimestamp":"2025-08-14T18:02:11Z","id":"2fba75cd-e5dc-454f-b028-a505f0c690b2","labels":[],"lastUpdatedTimestamp":"2025-08-14T18:02:11Z","name":"MongoDB endpoint 4","secret":"mongo-secret-2","type":"mongo"}
{"active":true,"creationTimestamp":"2025-08-14T18:02:11Z","id":"77cd87e5-5c29-4960-9058-4a2eda0c513f","labels":[],"lastUpdatedTimestamp":"2025-08-14T18:02:11Z","name":"OpenAI endpoint 5","secret":"openai-secret","type":"openai"}
