Usage:
  store [<files>...] [flags]

Examples:
	# Store an endpoint with the JSON configuration in a file
	discovery queryflow endpoint store endpointjsonfile.json

	# Store an endpoint with the JSON configuration in the data flag
	discovery queryflow endpoint store --data '{"type":"default","uri":"/my/endpoint","httpMethod":"GET","name":"my-endpoint","pipeline":"782bfece-20a2-4382-bacb-1c9c550e2d58","timeout":"60s"}'

Flags:
      --abort-on-error   aborts the operation if there is an error
  -d, --data string      the JSON with the configurations that will be upserted
  -h, --help             help for store

