Editing profile "cn". Press Enter to keep the value shown, type a single space to set empty.

Core URL [http://localhost:8080]: Core API Key [*****21]: Ingestion URL [http://localhost:8080]: Ingestion API Key [********n432]: QueryFlow URL [http://localhost:8088]: QueryFlow API Key [********w123]: Staging URL [http://localhost:8081]: Staging API Key [******g235]: 