Editing profile "cn". Press Enter to keep the value shown, type a single space to set empty.

Core URL [http://localhost:12010]: Core API Key [*****21]: Usage:
  config [subcommands] [flags]
  config [command]

Available Commands:
  completion  Generate the autocompletion script for the specified shell
  get         Print Discovery's configuration
  help        Help about any command

Flags:
  -h, --help             help for config
  -p, --profile string   configuration profile to use (default "cn")

Use "config [command] --help" for more information about a command.

