Showing the configuration of profile "cn":

Core URL: "http://localhost:12010/v2"
Core API Key: "discovery.key.core.cn"
Usage:
  get [flags]

Flags:
  -h, --help             help for get
  -p, --profile string   configuration profile to use
  -s, --sensitive        this flag obfuscates sensitive values before showing them to the user. (default true)

