Showing the configuration of profile "cn":

Core URL: "http://localhost:12010"
Core API Key: "discovery.key.core.cn"
Ingestion URL: "http://localhost:12020"
Ingestion API Key: "discovery.key.ingestion.cn"
Usage:
  get [flags]

Flags:
  -h, --help             help for get
  -p, --profile string   configuration profile to use (default "cn")
  -s, --sensitive        --sensitive=true (default true)

