Showing the configuration of profile "cn":

Core URL: "http://localhost:12010"
Core API Key: "discovery.key.core.cn"
Ingestion URL: "http://localhost:12020"
Ingestion API Key: "discovery.key.ingestion.cn"
QueryFlow URL: "http://localhost:12030"
QueryFlow API Key: "discovery.key.queryflow.cn"
Usage:
  get [flags]

Examples:
	# Print the configuration of the "cn" profile with obfuscated API keys.
	discovery config get -p cn

Flags:
  -h, --help             help for get
  -p, --profile string   configuration profile to use
  -s, --sensitive        this flag obfuscates sensitive values before showing them to the user. (default true)

