{"creationTimestamp":"2025-08-14T18:02:11Z","expression":"0 0 * * *","id":"9ababe08-0b74-4672-bb7c-e7a8227d6d4c","lastUpdatedTimestamp":"2025-08-14T18:02:11Z","name":"my-seed-schedule","properties":{"some-property":"a"},"scanType":"INCREMENTAL","seed":"ac7c5765-bef6-42cc-b519-c75df51ebf3b"}
{"code":1003,"messages":["Entity not found: 9ababe08-0b74-4672-bb7c-e7a8227d6d4d"],"status":404,"timestamp":"2025-10-29T23:12:08.002244700Z"}
{"creationTimestamp":"2025-08-14T18:02:11Z","expression":"0 2 * * *","id":"9ababe08-0b74-4672-bb7c-e7a8227d6dad","lastUpdatedTimestamp":"2025-08-14T18:02:11Z","name":"my-seed-schedule-3","properties":{"some-property":"c"},"scanType":"FULL","seed":"ac7c5765-bef6-42cc-b519-c75df51ebf3b"}
{"creationTimestamp":"2025-08-14T18:02:11Z","expression":"0 3 * * *","id":"2fba75cd-e5dc-454f-b028-a505f0c690b2","lastUpdatedTimestamp":"2025-08-14T18:02:11Z","name":"my-seed-schedule-4","properties":{"some-property":"d"},"scanType":"INCREMENTAL","seed":"ac7c5765-bef6-42cc-b519-c75df51ebf3b"}
{"creationTimestamp":"2025-08-14T18:02:11Z","expression":"0 4 * * *","id":"77cd87e5-5c29-4960-9058-4a2eda0c513f","lastUpdatedTimestamp":"2025-08-14T18:02:11Z","name":"my-seed-schedule-5","properties":{"some-property":"e"},"scanType":"FULL","seed":"ac7c5765-bef6-42cc-b519-c75df51ebf3b"}
