Usage:
  store [flags]

Examples:
	# Store a processor with the JSON configuration in a file
	discovery ingestion processor store --file "ingestionprocessorjsonfile.json"

	# Store a processor with the JSON configuration in the data flag
	discovery ingestion processor store --data '{"type":"mongo","name":"MongoDB store processor","labels":[],"active":true,"id":"e9c4173f-6906-43a8-b3ca-7319d3d24754","creationTimestamp":"2025-10-30T20:07:43.825231Z","lastUpdatedTimestamp":"2025-10-30T20:07:43.825231Z","config":{"data":{"link":"#{ data('/reference') }","author":"#{ data('/author') }","header":"#{ data('/header') }"},"action":"hydrate","database":"pureinsights","collection":"blogs"},"server":{"id":"f6950327-3175-4a98-a570-658df852424a","credential":"9ababe08-0b74-4672-bb7c-e7a8227d6d4c"}}'

Flags:
      --abort-on-error   aborts the operation if there is an error
  -d, --data string      the JSON with the configurations that will be upserted
  -f, --file string      the path of the file that contains the JSON data
  -h, --help             help for store
  -p, --profile string   configuration profile to use (default "default")

