Usage:
  export [subcommands] [flags]

Examples:
	# Export the entities to a specific file.
	discovery export --file "entities/discovery.zip".

Flags:
  -f, --file string      the file in which the information of the entities is going to be saved
  -h, --help             help for export
  -p, --profile string   configuration profile to use (default "default")

