Usage:
  import <file> [subcommands] [flags]

Examples:
	# Import the entities to the Discovery products using profile "cn" and ignore conflict resolution strategy.
	discovery import -p cn "entities/discovery.zip" --on-conflict IGNORE

Flags:
  -h, --help                 help for import
      --on-conflict string   the conflict resolution strategy that will be used (default "FAIL")

