Usage:
  import [subcommands] [flags]

Flags:
  -f, --file string          the file that contains the files with the exported entities of the Discovery products.
  -h, --help                 help for import
      --on-conflict string   the conflict resolution strategy that will be used (default "FAIL")

