{"active":false,"creationTimestamp":"2026-06-04T22:07:56Z","description":"description","id":"2831800d-289a-4a06-a65b-c3f2499547f8","labels":[{"key":"type","value":"test"}],"lastUpdatedTimestamp":"2026-06-04T22:20:23Z","name":"my-bucket-b"}
{"active":true,"creationTimestamp":"2026-06-04T22:06:02Z","description":"description","id":"69eeb20b-8ded-478f-937f-64caa0a3e8c0","labels":[],"lastUpdatedTimestamp":"2026-06-04T22:06:02Z","name":"my-bucket"}
