Usage:
  get [flags]

Flags:
      --details              gets more information when getting a seed execution, like the audited changes and record and job summaries
      --execution string     the id of the seed execution that will be retrieved
  -f, --filter stringArray   apply filters in the format "filter=key:value". The available filters are:
                             - Label: The format is label={key}[:{value}], where the value is optional.
                             - Type: The format is type={type}.
  -h, --help                 help for get
      --record string        the id of the record that will be retrieved

