{"source":{"active":true,"creationTimestamp":"2025-08-21T17:57:16Z","id":"3393f6d9-94c1-4b70-ba02-5f582727d998","lastUpdatedTimestamp":"2025-08-21T17:57:16Z","name":"test","seeds":[],"type":"mongo"}}
Usage:
  get [flags]

Flags:
      --details              gets more information when getting a seed execution, like the audited changes and record and job summaries
      --execution string     the id of the seed execution that will be retrieved
  -f, --filter stringArray   apply filters in the format "filter=key:value". The available filters are:
                             - Label: The format is label={key}[:{value}], where the value is optional.
                             - Type: The format is type={type}.
  -h, --help                 help for get
  -p, --profile string       configuration profile to use (default "default")
      --record string        the id of the record that will be retrieved

