{
  "active": true,
  "creationTimestamp": "2025-10-17T22:37:53Z",
  "id": "3b32e410-2F33-412D-9fb8-17970131921c",
  "labels": [
    {
      "key": "A",
      "value": "A"
    }
  ],
  "lastUpdatedTimestamp": "2025-10-17T22:37:53Z",
  "name": "my-seed",
  "records": [
    {
      "creationTimestamp": "2025-09-04T21:05:25Z",
      "id": {
        "hash": "A3HTDEgCa65BFZsac9TInFisvloRlL3M50ijCWNCKx0=",
        "plain": "4e7c8a47efd829ef7f710d64da661786"
      },
      "lastUpdatedTimestamp": "2025-09-04T21:05:25Z",
      "status": "SUCCESS"
    },
    {
      "creationTimestamp": "2025-09-04T21:05:26Z",
      "id": {
        "hash": "IJeF-losyj33EAuqjgGW2G7sT-eE7poejQ5HokerZio=",
        "plain": "8148e6a7b952a3b2964f706ced8c6885"
      },
      "lastUpdatedTimestamp": "2025-09-04T21:05:26Z",
      "status": "SUCCESS"
    },
    {
      "creationTimestamp": "2025-09-04T21:05:25Z",
      "id": {
        "hash": "N2lubqCWTqEEaymQVntpdP5dqKDP-LYk81C_PCr6btQ=",
        "plain": "b1e3e4f42c0818b1580e306eb776d4a1"
      },
      "lastUpdatedTimestamp": "2025-09-04T21:05:25Z",
      "status": "SUCCESS"
    },
    {
      "creationTimestamp": "2025-09-04T21:05:26Z",
      "id": {
        "hash": "d5_RAnEgZUtF8FjQTXFYFFfwvLuBrS0SAt-USRn3g4g=",
        "plain": "5625c64483bef0d48e9ad91aca9b2f94"
      },
      "lastUpdatedTimestamp": "2025-09-04T21:05:26Z",
      "status": "SUCCESS"
    },
    {
      "creationTimestamp": "2025-09-04T21:05:25Z",
      "id": {
        "hash": "hKScM7isXQIHr7ctMf-qQzWU58PYz0BSjIPLU2ksdnw=",
        "plain": "768b0a3bcee501dc624484ba8a0d7f6d"
      },
      "lastUpdatedTimestamp": "2025-09-04T21:05:25Z",
      "status": "SUCCESS"
    },
    {
      "creationTimestamp": "2025-09-04T21:05:26Z",
      "id": {
        "hash": "loMWIdFvJkPiFvIbFA21woPHx2fgDt1cAwmIVv8eS-I=",
        "plain": "c28db957887e1aae75e7ab1dd0fd34e9"
      },
      "lastUpdatedTimestamp": "2025-09-04T21:05:26Z",
      "status": "SUCCESS"
    },
    {
      "creationTimestamp": "2025-09-04T21:05:26Z",
      "id": {
        "hash": "reWGUUVo0_ziOCyCKOZmovXFD0pAVizu7gcrGB33Jxg=",
        "plain": "d758c733466967ea6f13b20bcbfcebb5"
      },
      "lastUpdatedTimestamp": "2025-09-04T21:05:26Z",
      "status": "SUCCESS"
    },
    {
      "creationTimestamp": "2025-09-04T21:05:26Z",
      "id": {
        "hash": "xk-6yAQIaIyHiJRUFa3va-QJbbix9QUq77cgzzFIVdA=",
        "plain": "232638a332048c4cb159f8cf6636507f"
      },
      "lastUpdatedTimestamp": "2025-09-04T21:05:26Z",
      "status": "SUCCESS"
    }
  ],
  "type": "mongo"
}
