{"active":true,"creationTimestamp":"2025-10-17T22:37:53Z","id":"3b32e410-2F33-412D-9fb8-17970131921c","labels":[{"key":"A","value":"A"}],"lastUpdatedTimestamp":"2025-10-17T22:37:53Z","name":"my-seed","record":{"creationTimestamp":"2025-09-04T21:05:25Z","id":{"hash":"A3HTDEgCa65BFZsac9TInFisvloRlL3M50ijCWNCKx0=","plain":"4e7c8a47efd829ef7f710d64da661786"},"lastUpdatedTimestamp":"2025-09-04T21:05:25Z","status":"SUCCESS"},"type":"mongo"}
