Error: Could not get record with id "A3HTDEgCa65BFZsac9TInFisvloRlL3M50ijCWNCKx0="
status: 404, body: {
  "status": 404,
  "code": 1003,
  "messages": [
    "Entity not found: SeedRecordId(seed=Seed(super=AbstractComponentConfigEntity(super=AbstractJsonConfigEntity(super=AbstractTypedConfigEntity(super=AbstractConfigEntity(super=AbstractUpdatableEntity(super=AbstractCoreEntity(id=2acd0a61-852c-4f38-af2b-9c84e152873e), creationTimestamp=2025-08-21T21:52:03Z, lastUpdatedTimestamp=2025-08-21T21:52:03Z), name=Search seed, description=null, active=true), type=staging), config={\"action\":\"scroll\",\"bucket\":\"blogs\"})), properties=null, labels=[], recordOptions=SeedRecordPolicy[timeoutPolicy=TimeoutPolicy[slice=PT1H], errorPolicy=FATAL, outboundPolicy=OutboundPolicy[idPolicy=IdPolicy[generator=null], batchPolicy=BatchPolicy[maxCount=25, flushAfter=PT1M]]], hooks=[], beforeHooksOptions=null, afterHooksOptions=null), recordId=[3, 113, -45, 12, 72, 2, 107, -82, 65, 21, -101, 26, 115, -44, -56, -100, 88, -84, -66, 90, 17, -108, -67, -52, -25, 72, -93, 9, 99, 66, 43, 31])"
  ],
  "timestamp": "2025-11-10T17:01:44.254941300Z"
}


