{"active":true,"creationTimestamp":"2025-08-14T18:02:11Z","id":"9ababe08-0b74-4672-bb7c-e7a8227d6d4c","labels":[],"lastUpdatedTimestamp":"2025-08-14T18:02:11Z","name":"MongoDB seed","secret":"mongo-secret","type":"mongo"}
Usage:
  store [<files>...] [flags]

Examples:
	# Store a seed with the JSON configuration in a file
	discovery ingestion seed store seeds.json

	# Store a seed with the JSON configuration in the data flag
	discovery ingestion seed store --data '{"type":"staging","name":"Search seed","labels":[],"active":true,"id":"1d81d3d5-58a2-44a5-9acf-3fc8358afe09","creationTimestamp":"2025-09-04T15:50:08Z","lastUpdatedTimestamp":"2025-09-04T15:50:08Z","config":{"action":"scroll","bucket":"blogs"},"pipeline":"9a74bf3a-eb2a-4334-b803-c92bf1bc45fe","recordPolicy":{"errorPolicy":"FATAL","timeoutPolicy":{"slice":"PT1H"},"outboundPolicy":{"idPolicy":{},"batchPolicy":{"maxCount":25,"flushAfter":"PT1M"}}}}'

Flags:
      --abort-on-error   aborts the operation if there is an error
  -d, --data string      the JSON with the configurations that will be upserted
  -h, --help             help for store
  -p, --profile string   configuration profile to use (default "default")

