"Credential.ndjson"
"Server.ndjson"
"buildContextPrompt.js"
"buildSimplePrompt.js"
"constructPrompt.js"
"constructSuggestedPrompt.js"
"elastic-extraction.py"
"extractReference.groovy"
"extractReferenceAtlas.groovy"
"format/formatAnalysisResponse.js"
"format/formatAutocompleteResponse.js"
"format/formatChunksResponse.js"
"format/formatKeywordResponse.js"
"format/formatKeywordResponseAtlas.js"
"format/formatKeywordSearch.js"
"format/formatQuestionsResponse.js"
"format/formatSearchResponse.js"
"format/formatSearchResponseAtlas.js"
"format/formatSemanticResponse.js"
"format/formatSuggestionsResponse.js"
"templates/keywordSearchTemplateAtlas.json"
"templates/searchTemplate.json"
"templates/searchTemplateAtlas.json"
