Error: Could not store the file with path "./testdata/NewDownloadCommand_script.py"
status: 400, body: {
						"status": 400,
						"code": 3002,
						"messages": [
							"key: Invalid format for file path, use only alphanumeric symbols with a limit of 255 characters and a max of 10 path levels."
						],
						"timestamp": "2025-10-16T17:46:45.386963700Z"
					}


