Error: Could not delete entity with id "3d51beef-8b90-40aa-84b5-033241dc6239"
status: 400, body: {
			"status": 400,
			"code": 3002,
			"messages": [
				"Failed to convert argument [id] for value [test] due to: Invalid UUID string: test"
			],
			"timestamp": "2025-10-23T22:35:38.345647200Z"
			}


