Usage:
  get [flags]

Examples:
	# Get a secret by id
	discovery core secret get 81ca1ac6-3058-4ecd-a292-e439827a675a
	{"active":true,"creationTimestamp":"2025-08-26T21:56:50Z","id":"81ca1ac6-3058-4ecd-a292-e439827a675a","labels":[],"lastUpdatedTimestamp":"2025-08-26T21:56:50Z","name":"openai-secret"}

	# Get all secrets using the configuration in profile "cn"
	discovery core secret get -p cn
	{"active":true,"creationTimestamp":"2025-08-26T21:56:50Z","id":"81ca1ac6-3058-4ecd-a292-e439827a675a","labels":[],"lastUpdatedTimestamp":"2025-08-26T21:56:50Z","name":"openai-secret"}
	{"active":true,"creationTimestamp":"2025-08-14T18:01:59Z","id":"cfa0ef51-1fd9-47e2-8fdb-262ac9712781","labels":[],"lastUpdatedTimestamp":"2025-08-14T18:01:59Z","name":"mongo-secret"}

Flags:
  -h, --help   help for get

