{"active":true,"creationTimestamp":"2025-08-14T18:02:11Z","id":"9ababe08-0b74-4672-bb7c-e7a8227d6d4c","labels":[],"lastUpdatedTimestamp":"2025-08-14T18:02:11Z","name":"MongoDB secret","secret":"mongo-secret","type":"mongo"}
Usage:
  store [flags]

Examples:
	# Store a secret with the JSON configuration in a file
	discovery core secret store --file "secretjsonfile.json"

	# Store a secret with the JSON configuration in the data flag
	discovery core secret store --data  '{"name":"my-secret","active":true,"id":"b8bd5ec3-8f60-4502-b25e-8f6d36c98410","content":{"apiKey":"apiKey"}}'

Flags:
      --abort-on-error   Aborts the operation if there is an error
  -d, --data string      The JSON with the configurations that will be upserted
  -f, --file string      The path of the file that contains the JSON data
  -h, --help             help for store
  -p, --profile string   configuration profile to use (default "default")

