Usage:
  delete [flags]

Examples:
	# Delete a pipeline by id
	discovery queryflow pipeline delete 04536687-f083-4353-8ecc-b7348e14b748

	# Delete a pipeline by name
	discovery queryflow pipeline delete "my-pipeline"

Flags:
  -h, --help             help for delete
  -p, --profile string   configuration profile to use (default "default")

