Usage:
  get [<pipeline>] [flags]

Examples:
	# Get pipeline by name
	discovery queryflow pipeline get "my-pipeline"

	# Get pipelines using filters
	discovery queryflow pipeline get --filter label=A:A

	# Get all pipelines using the configuration in profile "cn"
	discovery queryflow pipeline get -p cn

Flags:
  -f, --filter stringArray   apply filters in the format "filter=key:value". The available filters are:
                             - Label: The format is label={key}[:{value}], where the value is optional
                             - Type: The format is type={type}
  -h, --help                 help for get

