{"active":true,"creationTimestamp":"2025-08-21T17:57:16Z","id":"3393f6d9-94c1-4b70-ba02-5f582727d998","labels":[],"lastUpdatedTimestamp":"2025-08-21T17:57:16Z","name":"MongoDB text processor 4","type":"mongo"}
Usage:
  get [labelId] [flags]

Examples:
	# Get a label by id
	discovery core label get 3d51beef-8b90-40aa-84b5-033241dc6239
	
	# Get all labels using the configuration in profile "cn"
	discovery core label get -p cn

Flags:
  -h, --help             help for get
  -p, --profile string   configuration profile to use (default "default")

