{"active":true,"creationTimestamp":"2025-08-14T18:02:11Z","id":"9ababe08-0b74-4672-bb7c-e7a8227d6d4c","labels":[],"lastUpdatedTimestamp":"2025-08-14T18:02:11Z","name":"MongoDB label","secret":"mongo-secret","type":"mongo"}
Usage:
  store [<files>...] [flags]

Examples:
	# Store a label with the JSON configuration in a file
	discovery core label store "labeljsonfile.json"
	
	# Store a label with the JSON configuration in the data flag
	discovery core label store --data  '[{"key":"label","value":"labelvalue"}]'

Flags:
      --abort-on-error   aborts the operation if there is an error
  -d, --data string      the JSON with the configurations that will be upserted
  -h, --help             help for store
  -p, --profile string   configuration profile to use (default "default")

