{"active":true,"creationTimestamp":"2025-08-14T18:02:11Z","id":"9ababe08-0b74-4672-bb7c-e7a8227d6d4c","labels":[],"lastUpdatedTimestamp":"2025-08-14T18:02:11Z","name":"MongoDB label","secret":"mongo-secret","type":"mongo"}
Usage:
  store [flags]

Examples:
	# Store a label with the JSON configuration in a file
	discovery core label store --file "labeljsonfile.json"
	{"creationTimestamp":"2025-08-27T19:22:06Z","id":"3d51beef-8b90-40aa-84b5-033241dc6239","key":"label1","lastUpdatedTimestamp":"2025-10-29T22:41:37Z","value":"value1"}
	{"code":1003,"messages":["Entity not found: 3d51beef-8b90-40aa-84b5-033241dc6230"],"status":404,"timestamp":"2025-10-30T00:05:35.995533500Z"}
	{"creationTimestamp":"2025-10-30T00:05:36.004363Z","id":"4967bc7b-ed89-4843-ab0f-1fd73daad30d","key":"label3","lastUpdatedTimestamp":"2025-10-30T00:05:36.004363Z","value":"value3"}
	
	# Store a label with the JSON configuration in the data flag
	discovery core label store --data  '[{"key":"label","value":"labelvalue"}]'
	{"creationTimestamp":"2025-10-30T00:07:07.244729Z","id":"e7870373-da6d-41af-b5ec-91cfd087ee91","key":"label","lastUpdatedTimestamp":"2025-10-30T00:07:07.244729Z","value":"labelvalue"}

Flags:
      --abort-on-error   Aborts the operation if there is an error
  -d, --data string      The JSON with the configurations that will be upserted
  -f, --file string      The path of the file that contains the JSON data
  -h, --help             help for store
  -p, --profile string   configuration profile to use (default "default")

