Showing the configuration of profile "cn":

Usage:
  get [flags]

Examples:
	# Print the configuration of the "cn" profile with obfuscated API keys.
	discovery queryflow config get -p cn

Flags:
  -h, --help             help for get
  -p, --profile string   configuration profile to use (default "cn")
  -s, --sensitive        this flag obfuscates sensitive values before showing them to the user. (default true)

