Usage:
  export [flags]

Examples:
	# Export the entities to a specific file.
	discovery core export -p cn --file "entities/core.zip

Flags:
  -f, --file string      the file that will contain the exported entities
  -h, --help             help for export
  -p, --profile string   configuration profile to use (default "default")

