Usage:
  delete <server> [flags]

Examples:
	# Delete a server by id
	discovery core server delete 3d51beef-8b90-40aa-84b5-033241dc6239

	# Delete a server by name
	discovery core server delete my-server

Flags:
  -h, --help             help for delete
  -p, --profile string   configuration profile to use (default "default")

