{"active":true,"creationTimestamp":"2025-09-29T15:50:17Z","id":"986ce864-af76-4fcb-8b4f-f4e4c6ab0951","labels":[],"lastUpdatedTimestamp":"2025-09-29T15:50:17Z","name":"MongoDB Atlas server clone","type":"mongo"}
{"active":true,"creationTimestamp":"2025-09-29T15:50:19Z","id":"8f14c11c-bb66-49d3-aa2a-dedff4608c17","labels":[],"lastUpdatedTimestamp":"2025-09-29T15:50:19Z","name":"MongoDB Atlas server clone 1","type":"mongo"}
{"active":true,"creationTimestamp":"2025-09-29T15:50:20Z","id":"3a0214a4-72cc-4eee-ad0c-9e3af9b08a6c","labels":[],"lastUpdatedTimestamp":"2025-09-29T15:50:20Z","name":"MongoDB Atlas server clone 3","type":"mongo"}
