{"active":true,"creationTimestamp":"2025-08-14T18:02:11Z","id":"9ababe08-0b74-4672-bb7c-e7a8227d6d4c","labels":[],"lastUpdatedTimestamp":"2025-08-14T18:02:11Z","name":"MongoDB server","secret":"mongo-secret","type":"mongo"}
Usage:
  store [flags]

Examples:
	# Store a server with the JSON configuration in a file
	discovery core server store --file "serverjsonfile.json"
	{"active":true,"config":{"connection":{"connectTimeout":"1m","readTimeout":"30s"},"credentialId":"9ababe08-0b74-4672-bb7c-e7a8227d6d4c","servers":["mongodb+srv://cluster0.dleud.mongodb.net/"]},"creationTimestamp":"2025-09-29T15:50:26Z","id":"2b839453-ddad-4ced-8e13-2c7860af60a7","labels":[],"lastUpdatedTimestamp":"2025-09-29T15:50:26Z","name":"MongoDB Atlas server","type":"mongo"}       
	{"code":1003,"messages":["Entity not found: 2b839453-ddad-4ced-8e13-2c7860af60a8"],"status":404,"timestamp":"2025-10-30T17:45:48.176913700Z"}
	{"active":true,"config":{"connection":{"connectTimeout":"1m","readTimeout":"30s"},"credentialId":"9ababe08-0b74-4672-bb7c-e7a8227d6d4c","servers":["mongodb+srv://cluster0.dleud.mongodb.net/"]},"creationTimestamp":"2025-10-30T17:45:48.184774Z","id":"152e1175-e54d-4de6-90b9-388d45f8256e","labels":[],"lastUpdatedTimestamp":"2025-10-30T17:45:48.184774Z","name":"MongoDB Atlas server 2","type":"mongo"}

	# Store a server with the JSON configuration in the data flag
	discovery core server store --data '{"type":"mongo","name":"MongoDB Atlas server","labels":[],"active":true,"id":"2b839453-ddad-4ced-8e13-2c7860af60a7","creationTimestamp":"2025-09-29T15:50:26Z","lastUpdatedTimestamp":"2025-09-29T15:50:26Z","config":{"servers":["mongodb+srv://cluster0.dleud.mongodb.net/"],"connection":{"readTimeout":"30s","connectTimeout":"1m"},"credentialId":"9ababe08-0b74-4672-bb7c-e7a8227d6d4c"}}'
	{"active":true,"config":{"connection":{"connectTimeout":"1m","readTimeout":"30s"},"credentialId":"9ababe08-0b74-4672-bb7c-e7a8227d6d4c","servers":["mongodb+srv://cluster0.dleud.mongodb.net/"]},"creationTimestamp":"2025-09-29T15:50:26Z","id":"2b839453-ddad-4ced-8e13-2c7860af60a7","labels":[],"lastUpdatedTimestamp":"2025-09-29T15:50:26Z","name":"MongoDB Atlas server","type":"mongo"}

Flags:
      --abort-on-error   Aborts the operation if there is an error
  -d, --data string      The JSON with the configurations that will be upserted
  -f, --file string      The path of the file that contains the JSON data
  -h, --help             help for store
  -p, --profile string   configuration profile to use (default "default")

