Usage:
  delete [flags]

Examples:
	# Delete a credential by id
	discovery core credential delete 3d51beef-8b90-40aa-84b5-033241dc6239

	# Delete a credential by name
	discovery core credential delete my-credential

Flags:
  -h, --help             help for delete
  -p, --profile string   configuration profile to use (default "default")

