Usage:
  store [<files>...] [flags]

Examples:
	# Store a credential with the JSON configuration in a file
	discovery core credential store "credentialjsonfile.json"

	# Store a credential with the JSON configuration in the data flag
	discovery core credential store --data '{"type":"mongo","name":"my-credential","labels":[{"key":"A","value":"A"}],"active":true,"id":"3b32e410-2f33-412d-9fb8-17970131921c","creationTimestamp":"2025-10-17T22:37:57Z","lastUpdatedTimestamp":"2025-10-17T22:37:57Z","secret":"my-secret"}'

Flags:
      --abort-on-error   aborts the operation if there is an error
  -d, --data string      the JSON with the configurations that will be upserted
  -h, --help             help for store

