Usage:
  store [flags]

Examples:
	# Store a pipeline with the JSON configuration in a file
	discovery ingestion pipeline store --file pipelines.json

	# Store a pipeline with the JSON configuration in the data flag
	discovery ingestion pipeline store --data '{"name":"Search pipeline","labels":[],"active":true,"id":"36f8ce72-f23d-4768-91e8-58693ff1b272","creationTimestamp":"2025-10-31T19:41:13Z","lastUpdatedTimestamp":"2025-10-31T19:41:13Z","initialState":"ingestionState","states":{"ingestionState":{"type":"processor","processors":[{"id":"516d4a8a-e8ae-488c-9e37-d5746a907454","outputField":"header","active":true},{"id":"aa0186f1-746f-4b20-b1b0-313bd79e78b8","active":true}]}},"recordPolicy":{"idPolicy":{},"retryPolicy":{"active":true,"maxRetries":3},"timeoutPolicy":{"record":"PT1M"},"errorPolicy":"FAIL","outboundPolicy":{"batchPolicy":{"maxCount":25,"flushAfter":"PT1M"}}}}'

Flags:
      --abort-on-error   aborts the operation if there is an error
  -d, --data string      the JSON with the configurations that will be upserted
  -f, --file string      the path the file that contains the JSON data
  -h, --help             help for store

